2026-09-29T19:31:05Z INF Thank you for trying Cloudflare Tunnel. Doing so, without a Cloudflare account, is a quick way to experiment and try it out. However, be aware that these account-less Tunnels have no uptime guarantee, are subject to the Cloudflare Online Services Terms of Use (https://www.cloudflare.com/website-terms/), and Cloudflare reserves the right to investigate your use of Tunnels for violations of such terms. If you intend to use Tunnels in production you should use a pre-created named tunnel by following: https://developers.cloudflare.com/cloudflare-one/connections/connect-apps
2026-09-29T19:31:05Z INF Requesting new quick Tunnel on trycloudflare.com...
2026-09-29T19:31:12Z INF +--------------------------------------------------------------------------------------------+
2026-09-29T19:31:12Z INF |  Your quick Tunnel has been created! Visit it at (it may take some time to be reachable):  |
2026-09-29T19:31:12Z INF |  https://examining-findings-partly-holes.trycloudflare.com                                 |
2026-09-29T19:31:12Z INF +--------------------------------------------------------------------------------------------+
2026-09-29T19:31:12Z INF Cannot determine default configuration path. No file [config.yml config.yaml] in [~/.cloudflared ~/.cloudflare-warp ~/cloudflare-warp]
2026-09-29T19:31:12Z INF Version 2026.6.1 (Checksum 5253e66f1f493c4e13539749f1aa86fd0c61e3072900fec29a44ba046a6d97e2)
2026-09-29T19:31:12Z INF GOOS: windows, GOVersion: go1.26.4, GoArch: amd64
2026-09-29T19:31:12Z INF Settings: map[ha-connections:1 no-autoupdate:true protocol:quic url:http://localhost:3210]
2026-09-29T19:31:12Z INF cloudflared will not automatically update on Windows systems.
2026-09-29T19:31:12Z INF Generated Connector ID: 7461f0cf-1ff1-4534-8eef-55391f89487e
2026-09-29T19:31:12Z INF Initial protocol quic
2026-09-29T19:31:12Z INF ICMP proxy will use 10.10.10.16 as source for IPv4
2026-09-29T19:31:12Z INF ICMP proxy will use fe80::3c85:d3de:1f9d:c26b in zone Ethernet as source for IPv6
2026-09-29T19:31:13Z INF cloudflared does not support loading the system root certificate pool on Windows. Please use --origin-ca-pool <PATH> to specify the path to the certificate pool
2026-09-29T19:31:13Z INF ICMP proxy will use 10.10.10.16 as source for IPv4
2026-09-29T19:31:13Z INF Tunnel connection curve preferences: [X25519MLKEM768 CurveID(65074) CurveP256] connIndex=0 event=0 ip=198.41.192.7
2026-09-29T19:31:13Z INF ICMP proxy will use fe80::3c85:d3de:1f9d:c26b in zone Ethernet as source for IPv6
2026-09-29T19:31:13Z INF Starting metrics server on 127.0.0.1:20241/metrics
2026-09-29T19:31:13Z INF +-------------------------------------------------------------------------------------+
2026-09-29T19:31:13Z INF |                               CONNECTIVITY PRE-CHECKS                               |
2026-09-29T19:31:13Z INF +-------------------------------------------------------------------------------------+
2026-09-29T19:31:13Z INF |  COMPONENT         TARGET                     STATUS  DETAILS                       |
2026-09-29T19:31:13Z INF |  DNS Resolution    region1.v2.argotunnel.com  PASS    DNS Resolved successfully     |
2026-09-29T19:31:13Z INF |  DNS Resolution    region2.v2.argotunnel.com  PASS    DNS Resolved successfully     |
2026-09-29T19:31:13Z INF |  UDP Connectivity  region1.v2.argotunnel.com  PASS    QUIC connection successful    |
2026-09-29T19:31:13Z INF |  UDP Connectivity  region2.v2.argotunnel.com  PASS    QUIC connection successful    |
2026-09-29T19:31:13Z INF |  TCP Connectivity  region1.v2.argotunnel.com  PASS    HTTP/2 connection successful  |
2026-09-29T19:31:13Z INF |  TCP Connectivity  region2.v2.argotunnel.com  PASS    HTTP/2 connection successful  |
2026-09-29T19:31:13Z INF |  Cloudflare API    api.cloudflare.com:443     PASS    API is reachable              |
2026-09-29T19:31:13Z INF |                                                                                     |
2026-09-29T19:31:13Z INF |  SUMMARY: Environment is healthy. cloudflared will use 'quic' as primary protocol.  |
2026-09-29T19:31:13Z INF +-------------------------------------------------------------------------------------+
2026-09-29T19:31:13Z INF precheck component="DNS Resolution" details="DNS Resolved successfully" run_id=0f64f303-bc43-428b-8a05-6329fe0d08d9 status=pass target=region1.v2.argotunnel.com
2026-09-29T19:31:13Z INF precheck component="DNS Resolution" details="DNS Resolved successfully" run_id=0f64f303-bc43-428b-8a05-6329fe0d08d9 status=pass target=region2.v2.argotunnel.com
2026-09-29T19:31:13Z INF precheck component="UDP Connectivity" details="QUIC connection successful" run_id=0f64f303-bc43-428b-8a05-6329fe0d08d9 status=pass target=region1.v2.argotunnel.com
2026-09-29T19:31:13Z INF precheck component="UDP Connectivity" details="QUIC connection successful" run_id=0f64f303-bc43-428b-8a05-6329fe0d08d9 status=pass target=region2.v2.argotunnel.com
2026-09-29T19:31:13Z INF precheck component="TCP Connectivity" details="HTTP/2 connection successful" run_id=0f64f303-bc43-428b-8a05-6329fe0d08d9 status=pass target=region1.v2.argotunnel.com
2026-09-29T19:31:13Z INF precheck component="TCP Connectivity" details="HTTP/2 connection successful" run_id=0f64f303-bc43-428b-8a05-6329fe0d08d9 status=pass target=region2.v2.argotunnel.com
2026-09-29T19:31:13Z INF precheck component="Cloudflare API" details="API is reachable" run_id=0f64f303-bc43-428b-8a05-6329fe0d08d9 status=pass target=api.cloudflare.com:443
2026-09-29T19:31:13Z INF precheck complete hard_fail=false run_id=0f64f303-bc43-428b-8a05-6329fe0d08d9 suggested_protocol=quic
2026-09-29T19:31:13Z INF Registered tunnel connection connIndex=0 connection=0128f9bb-f027-4a2b-9b3f-55835a4ef9b0 event=0 ip=198.41.192.7 location=cdg17 protocol=quic
